2026-07-03T14:04:11Z INF Thank you for trying Cloudflare Tunnel. Doing so, without a Cloudflare account, is a quick way to experiment and try it out. However, be aware that these account-less Tunnels have no uptime guarantee, are subject to the Cloudflare Online Services Terms of Use (https://www.cloudflare.com/website-terms/), and Cloudflare reserves the right to investigate your use of Tunnels for violations of such terms. If you intend to use Tunnels in production you should use a pre-created named tunnel by following: https://developers.cloudflare.com/cloudflare-one/connections/connect-apps
2026-07-03T14:04:11Z INF Requesting new quick Tunnel on trycloudflare.com...
2026-07-03T14:04:19Z INF +--------------------------------------------------------------------------------------------+
2026-07-03T14:04:19Z INF |  Your quick Tunnel has been created! Visit it at (it may take some time to be reachable):  |
2026-07-03T14:04:19Z INF |  https://issn-cursor-browsing-yarn.trycloudflare.com                                       |
2026-07-03T14:04:19Z INF +--------------------------------------------------------------------------------------------+
2026-07-03T14:04:19Z INF Cannot determine default configuration path. No file [config.yml config.yaml] in [~/.cloudflared ~/.cloudflare-warp ~/cloudflare-warp]
2026-07-03T14:04:19Z INF Version 2026.5.2 (Checksum 20b9638f685333d623798e733effbad2487093f15ba592f6c7752360ff3b7ab7)
2026-07-03T14:04:19Z INF GOOS: windows, GOVersion: go1.26.3, GoArch: amd64
2026-07-03T14:04:19Z INF Settings: map[ha-connections:1 no-autoupdate:true protocol:quic url:http://localhost:3000]
2026-07-03T14:04:19Z INF cloudflared will not automatically update on Windows systems.
2026-07-03T14:04:19Z INF Generated Connector ID: d739b2ab-e6c0-4f2a-b31c-fd34ab54d4fc
2026-07-03T14:04:19Z INF Initial protocol quic
2026-07-03T14:04:19Z INF ICMP proxy will use 192.168.123.237 as source for IPv4
2026-07-03T14:04:19Z INF ICMP proxy will use 2409:4081:1d91:d2cf:2b5d:1df3:3283:f56b in zone Wi-Fi as source for IPv6
2026-07-03T14:04:20Z INF cloudflared does not support loading the system root certificate pool on Windows. Please use --origin-ca-pool <PATH> to specify the path to the certificate pool
2026-07-03T14:04:20Z INF ICMP proxy will use 192.168.123.237 as source for IPv4
2026-07-03T14:04:20Z INF Tunnel connection curve preferences: [X25519MLKEM768 CurveID(65074) CurveP256] connIndex=0 event=0 ip=2606:4700:a8::3
2026-07-03T14:04:20Z INF ICMP proxy will use 2409:4081:1d91:d2cf:2b5d:1df3:3283:f56b in zone Wi-Fi as source for IPv6
2026-07-03T14:04:20Z INF Starting metrics server on 127.0.0.1:20241/metrics
2026-07-03T14:04:22Z INF Registered tunnel connection connIndex=0 connection=880d7764-c733-4842-b7fe-c2f61be0869c event=0 ip=2606:4700:a8::3 location=bom10 protocol=quic
2026-07-03T14:04:23Z INF +-------------------------------------------------------------------------------------+
2026-07-03T14:04:23Z INF |                               CONNECTIVITY PRE-CHECKS                               |
2026-07-03T14:04:23Z INF +-------------------------------------------------------------------------------------+
2026-07-03T14:04:23Z INF |  COMPONENT         TARGET                     STATUS  DETAILS                       |
2026-07-03T14:04:23Z INF |  DNS Resolution    region1.v2.argotunnel.com  PASS    DNS Resolved successfully     |
2026-07-03T14:04:23Z INF |  DNS Resolution    region2.v2.argotunnel.com  PASS    DNS Resolved successfully     |
2026-07-03T14:04:23Z INF |  UDP Connectivity  region1.v2.argotunnel.com  PASS    QUIC connection successful    |
2026-07-03T14:04:23Z INF |  UDP Connectivity  region2.v2.argotunnel.com  PASS    QUIC connection successful    |
2026-07-03T14:04:23Z INF |  TCP Connectivity  region1.v2.argotunnel.com  PASS    HTTP/2 connection successful  |
2026-07-03T14:04:23Z INF |  TCP Connectivity  region2.v2.argotunnel.com  PASS    HTTP/2 connection successful  |
2026-07-03T14:04:23Z INF |  Cloudflare API    api.cloudflare.com:443     PASS    API is reachable              |
2026-07-03T14:04:23Z INF |                                                                                     |
2026-07-03T14:04:23Z INF |  SUMMARY: Environment is healthy. cloudflared will use 'quic' as primary protocol.  |
2026-07-03T14:04:23Z INF +-------------------------------------------------------------------------------------+
2026-07-03T14:04:23Z INF precheck component="DNS Resolution" details="DNS Resolved successfully" run_id=012181d9-99a3-419b-afc6-a6608f52b345 status=pass target=region1.v2.argotunnel.com
2026-07-03T14:04:23Z INF precheck component="DNS Resolution" details="DNS Resolved successfully" run_id=012181d9-99a3-419b-afc6-a6608f52b345 status=pass target=region2.v2.argotunnel.com
2026-07-03T14:04:23Z INF precheck component="UDP Connectivity" details="QUIC connection successful" run_id=012181d9-99a3-419b-afc6-a6608f52b345 status=pass target=region1.v2.argotunnel.com
2026-07-03T14:04:23Z INF precheck component="UDP Connectivity" details="QUIC connection successful" run_id=012181d9-99a3-419b-afc6-a6608f52b345 status=pass target=region2.v2.argotunnel.com
2026-07-03T14:04:23Z INF precheck component="TCP Connectivity" details="HTTP/2 connection successful" run_id=012181d9-99a3-419b-afc6-a6608f52b345 status=pass target=region1.v2.argotunnel.com
2026-07-03T14:04:23Z INF precheck component="TCP Connectivity" details="HTTP/2 connection successful" run_id=012181d9-99a3-419b-afc6-a6608f52b345 status=pass target=region2.v2.argotunnel.com
2026-07-03T14:04:23Z INF precheck component="Cloudflare API" details="API is reachable" run_id=012181d9-99a3-419b-afc6-a6608f52b345 status=pass target=api.cloudflare.com:443
2026-07-03T14:04:23Z INF precheck complete hard_fail=false run_id=012181d9-99a3-419b-afc6-a6608f52b345 suggested_protocol=quic
2026-07-03T14:10:55Z INF Initiating graceful shutdown due to signal terminated ...
2026-07-03T14:10:55Z ERR failed to run the datagram handler error="Application error 0x0 (remote)" connIndex=0 event=0 ip=2606:4700:a8::3
2026-07-03T14:10:55Z ERR failed to serve tunnel connection error="accept stream listener encountered a failure while serving" connIndex=0 event=0 ip=2606:4700:a8::3
2026-07-03T14:10:55Z ERR Serve tunnel error error="accept stream listener encountered a failure while serving" connIndex=0 event=0 ip=2606:4700:a8::3
2026-07-03T14:10:55Z INF Retrying connection in up to 1s connIndex=0 event=0 ip=2606:4700:a8::3
2026-07-03T14:10:55Z ERR Connection terminated connIndex=0
2026-07-03T14:10:55Z ERR no more connections active and exiting
2026-07-03T14:10:55Z INF Tunnel server stopped
2026-07-03T14:10:55Z INF Metrics server stopped
