2026-06-16T03:41:11Z INF Thank you for trying Cloudflare Tunnel. Doing so, without a Cloudflare account, is a quick way to experiment and try it out. However, be aware that these account-less Tunnels have no uptime guarantee, are subject to the Cloudflare Online Services Terms of Use (https://www.cloudflare.com/website-terms/), and Cloudflare reserves the right to investigate your use of Tunnels for violations of such terms. If you intend to use Tunnels in production you should use a pre-created named tunnel by following: https://developers.cloudflare.com/cloudflare-one/connections/connect-apps
2026-06-16T03:41:11Z INF Requesting new quick Tunnel on trycloudflare.com...
2026-06-16T03:41:17Z INF +--------------------------------------------------------------------------------------------+
2026-06-16T03:41:17Z INF |  Your quick Tunnel has been created! Visit it at (it may take some time to be reachable):  |
2026-06-16T03:41:17Z INF |  https://sum-get-lincoln-penalties.trycloudflare.com                                       |
2026-06-16T03:41:17Z INF +--------------------------------------------------------------------------------------------+
2026-06-16T03:41:17Z INF Cannot determine default configuration path. No file [config.yml config.yaml] in [~/.cloudflared ~/.cloudflare-warp ~/cloudflare-warp]
2026-06-16T03:41:17Z INF Version 2026.5.2 (Checksum 20b9638f685333d623798e733effbad2487093f15ba592f6c7752360ff3b7ab7)
2026-06-16T03:41:17Z INF GOOS: windows, GOVersion: go1.26.3, GoArch: amd64
2026-06-16T03:41:17Z INF Settings: map[ha-connections:1 protocol:quic url:http://localhost:3000]
2026-06-16T03:41:17Z INF cloudflared will not automatically update on Windows systems.
2026-06-16T03:41:17Z INF Generated Connector ID: 5977698b-9071-4df6-8e86-de47f9aa3d48
2026-06-16T03:41:17Z INF Initial protocol quic
2026-06-16T03:41:17Z INF ICMP proxy will use 192.168.31.163 as source for IPv4
2026-06-16T03:41:17Z INF ICMP proxy will use 2409:4090:20a3:7005:8db6:d500:aa96:5818 in zone Wi-Fi as source for IPv6
2026-06-16T03:41:17Z INF cloudflared does not support loading the system root certificate pool on Windows. Please use --origin-ca-pool <PATH> to specify the path to the certificate pool
2026-06-16T03:41:17Z INF ICMP proxy will use 192.168.31.163 as source for IPv4
2026-06-16T03:41:17Z INF Tunnel connection curve preferences: [X25519MLKEM768 CurveID(65074) CurveP256] connIndex=0 event=0 ip=2606:4700:a8::3
2026-06-16T03:41:17Z INF ICMP proxy will use 2409:4090:20a3:7005:8db6:d500:aa96:5818 in zone Wi-Fi as source for IPv6
2026-06-16T03:41:17Z INF Starting metrics server on 127.0.0.1:20241/metrics
2026-06-16T03:41:18Z INF +-------------------------------------------------------------------------------------+
2026-06-16T03:41:18Z INF |                               CONNECTIVITY PRE-CHECKS                               |
2026-06-16T03:41:18Z INF +-------------------------------------------------------------------------------------+
2026-06-16T03:41:18Z INF |  COMPONENT         TARGET                     STATUS  DETAILS                       |
2026-06-16T03:41:18Z INF |  DNS Resolution    region1.v2.argotunnel.com  PASS    DNS Resolved successfully     |
2026-06-16T03:41:18Z INF |  DNS Resolution    region2.v2.argotunnel.com  PASS    DNS Resolved successfully     |
2026-06-16T03:41:18Z INF |  UDP Connectivity  region1.v2.argotunnel.com  PASS    QUIC connection successful    |
2026-06-16T03:41:18Z INF |  UDP Connectivity  region2.v2.argotunnel.com  PASS    QUIC connection successful    |
2026-06-16T03:41:18Z INF |  TCP Connectivity  region1.v2.argotunnel.com  PASS    HTTP/2 connection successful  |
2026-06-16T03:41:18Z INF |  TCP Connectivity  region2.v2.argotunnel.com  PASS    HTTP/2 connection successful  |
2026-06-16T03:41:18Z INF |  Cloudflare API    api.cloudflare.com:443     PASS    API is reachable              |
2026-06-16T03:41:18Z INF |                                                                                     |
2026-06-16T03:41:18Z INF |  SUMMARY: Environment is healthy. cloudflared will use 'quic' as primary protocol.  |
2026-06-16T03:41:18Z INF +-------------------------------------------------------------------------------------+
2026-06-16T03:41:18Z INF precheck component="DNS Resolution" details="DNS Resolved successfully" run_id=52740368-a057-4a92-af49-8c396a1adbb2 status=pass target=region1.v2.argotunnel.com
2026-06-16T03:41:18Z INF precheck component="DNS Resolution" details="DNS Resolved successfully" run_id=52740368-a057-4a92-af49-8c396a1adbb2 status=pass target=region2.v2.argotunnel.com
2026-06-16T03:41:18Z INF precheck component="UDP Connectivity" details="QUIC connection successful" run_id=52740368-a057-4a92-af49-8c396a1adbb2 status=pass target=region1.v2.argotunnel.com
2026-06-16T03:41:18Z INF precheck component="UDP Connectivity" details="QUIC connection successful" run_id=52740368-a057-4a92-af49-8c396a1adbb2 status=pass target=region2.v2.argotunnel.com
2026-06-16T03:41:18Z INF precheck component="TCP Connectivity" details="HTTP/2 connection successful" run_id=52740368-a057-4a92-af49-8c396a1adbb2 status=pass target=region1.v2.argotunnel.com
2026-06-16T03:41:18Z INF precheck component="TCP Connectivity" details="HTTP/2 connection successful" run_id=52740368-a057-4a92-af49-8c396a1adbb2 status=pass target=region2.v2.argotunnel.com
2026-06-16T03:41:18Z INF precheck component="Cloudflare API" details="API is reachable" run_id=52740368-a057-4a92-af49-8c396a1adbb2 status=pass target=api.cloudflare.com:443
2026-06-16T03:41:18Z INF precheck complete hard_fail=false run_id=52740368-a057-4a92-af49-8c396a1adbb2 suggested_protocol=quic
2026-06-16T03:41:18Z INF Registered tunnel connection connIndex=0 connection=eb544aad-83d7-4768-8166-5102f499634c event=0 ip=2606:4700:a8::3 location=bom11 protocol=quic
2026-06-16T03:59:23Z ERR failed to run the datagram handler error="write udp [::]:62044->[2606:4700:a8::3]:7844: wsasendto: An operation on a socket could not be performed because the system lacked sufficient buffer space or because a queue was full." connIndex=0 event=0 ip=2606:4700:a8::3
2026-06-16T03:59:23Z ERR failed to accept incoming stream requests error="failed to accept QUIC stream: write udp [::]:62044->[2606:4700:a8::3]:7844: wsasendto: An operation on a socket could not be performed because the system lacked sufficient buffer space or because a queue was full." connIndex=0 event=0 ip=2606:4700:a8::3
2026-06-16T03:59:24Z ERR failed to serve tunnel connection error="datagram manager encountered a failure while serving" connIndex=0 event=0 ip=2606:4700:a8::3
2026-06-16T03:59:24Z ERR Serve tunnel error error="datagram manager encountered a failure while serving" connIndex=0 event=0 ip=2606:4700:a8::3
2026-06-16T03:59:24Z INF Retrying connection in up to 1s connIndex=0 event=0 ip=2606:4700:a8::3
2026-06-16T03:59:25Z INF Tunnel connection curve preferences: [X25519MLKEM768 CurveID(65074) CurveP256] connIndex=0 event=0 ip=2606:4700:a8::3
2026-06-16T03:59:25Z INF Registered tunnel connection connIndex=0 connection=b85f9c89-fac5-4a48-815a-e33c140a772e event=0 ip=2606:4700:a8::3 location=bom11 protocol=quic
